// Jest Snapshot v1, https://goo.gl/fbAQLP

exports[`Prueba del componente GifItem Debe de hacer match con el snapshot 1`] = `
<div>
  <div
    class="card"
  >
    <img
      alt="Saitama"
      src="https://one-punch/saitama.jpg"
    />
    <p>
      Saitama
    </p>
  </div>
</div>
`;
